// Vitest Snapshot v1, https://vitest.dev/guide/snapshot.html

exports[`CLI accepts custom config file name 1`] = `
"
zod-dbs CLI

- provider: test-provider (Test Provider)
- outputDir: ./test/integration/output/customConfigFile
- include: users,posts
- exclude: ^temp_
- zodVersion: 4
- stringifyDates: true
- defaultEmptyArray: true
- caseTransform: false
- configName: test

"
`;
