// Vitest Snapshot v1, https://vitest.dev/guide/snapshot.html

exports[`generates schemas compatible with zod version 4 mini > constants.ts 1`] = `
"// This file is auto-generated by zod-dbs. Do not edit this file directly.

export const TABLE_USERS = 'users';
"
`;

exports[`generates schemas compatible with zod version 4 mini > tables/index.ts 1`] = `
"// This file is auto-generated by zod-dbs. Do not edit this file directly.

export * from './users/index.js';
"
`;

exports[`generates schemas compatible with zod version 4 mini > tables/users/index.ts 1`] = `
"// This file is auto-generated by zod-dbs. Do not edit this file directly.

export * from './schema.js';
"
`;

exports[`generates schemas compatible with zod version 4 mini > tables/users/schema.ts 1`] = `
"// This file is auto-generated by zod-dbs. Do not edit this file directly.

import { z } from 'zod/mini';

export const USER_ROLES = ['admin', 'editor', 'viewer'] as const;

/**
 * Base read schema for the "public.users" table.
 * Validates raw rows read from the database (no casing transforms applied yet).
 */
export const UsersTableBaseSchema = z.object({
     /**
      * dataType: int4
      * defaultValue: nextval('users_id_seq'::regclass)
      */
    id: z.number(),
     /**
      * dataType: varchar
      */
    name: z.string(),
     /**
      * dataType: varchar
      */
    email: z.pipe(z.optional(z.nullable(z.string())), z.transform(val => val ?? undefined)),
     /**
      * dataType: varchar
      * defaultValue: 'active'::character varying
      */
    status: z.pipe(z.optional(z.nullable(z.string())), z.transform(val => val ?? undefined)),
     /**
      * dataType: jsonb
      */
    profile: z.pipe(z.optional(z.nullable(z.json())), z.transform(val => val ?? undefined)),
     /**
      * dataType: timestamptz
      * defaultValue: now()
      */
    created_at: z.pipe(z.optional(z.nullable(z.coerce.date())), z.transform(val => val ?? undefined)),
     /**
      * dataType: _text
      */
    roles: z.pipe(z.optional(z.nullable(z.array(z.enum(USER_ROLES)))), z.transform(val => val ?? undefined)),
     /**
      * dataType: _timestamp
      */
    dates: z.pipe(z.optional(z.nullable(z.array(z.coerce.date()))), z.transform(val => val ?? undefined)),
});

/**
 * The base record type for the "public.users" table.
 * This type represents the raw database record without case transforms.
 */
export type UserBaseRecord = z.output<typeof UsersTableBaseSchema>;

/**
 * Read transform for the "public.users" table.
 * Maps database fields to app case properties.
 */
export const transformUserBaseRecord = (data: UserBaseRecord): {
    id: UserBaseRecord['id'],
    name: UserBaseRecord['name'],
    email?: UserBaseRecord['email'],
    status?: UserBaseRecord['status'],
    profile?: UserBaseRecord['profile'],
    createdAt?: UserBaseRecord['created_at'],
    roles?: UserBaseRecord['roles'],
    dates?: UserBaseRecord['dates'],
} => ({
    id: data.id,
    name: data.name,
    email: data.email,
    status: data.status,
    profile: data.profile,
    createdAt: data.created_at,
    roles: data.roles,
    dates: data.dates,
});

/**
 * Read schema for the "public.users" table (after casing transform).
 */
export const UsersTableSchema = z.pipe(UsersTableBaseSchema, z.transform(transformUserBaseRecord));

/**
 * Base insert/write schema for the "public.users" table (no casing transforms).
 */
export const UsersTableInsertBaseSchema = z.object({
     /**
      * dataType: varchar
      */
    name: z.string().check(z.maxLength(100)),
     /**
      * dataType: varchar
      */
    email: z.optional(z.nullable(z.string().check(z.maxLength(255)))),
     /**
      * dataType: varchar
      * defaultValue: 'active'::character varying
      */
    status: z.optional(z.nullable(z.string().check(z.maxLength(20)))),
     /**
      * dataType: jsonb
      */
    profile: z.pipe(z.optional(z.nullable(z.json())), z.transform((value) => value ? JSON.stringify(value) : value)),
     /**
      * dataType: timestamptz
      * defaultValue: now()
      */
    createdAt: z.optional(z.nullable(z.date())),
     /**
      * dataType: _text
      */
    roles: z.optional(z.nullable(z.array(z.enum(USER_ROLES)))),
     /**
      * dataType: _timestamp
      */
    dates: z.optional(z.nullable(z.array(z.date()))),
});

/**
 * The base record type for the "public.users" table.
 * This type represents an insertable database record before casing transformations are applied.
 */
export type UserInsertBaseRecord = z.output<typeof UsersTableInsertBaseSchema>;

/**
 * The base record type for the "public.users" table.
 * This type represents an updatable database record before casing transformations are applied.
 */
export type UserUpdateBaseRecord = Partial<UserInsertBaseRecord>;

/**
 * Insert transform for the "public.users" table.
 * Maps app cased properties to database fields.
 */
export const transformUserInsertBaseRecord = (data: UserInsertBaseRecord): {
    name: UserInsertBaseRecord['name'],
    email?: UserInsertBaseRecord['email'],
    status?: UserInsertBaseRecord['status'],
    profile?: UserInsertBaseRecord['profile'],
    created_at?: UserInsertBaseRecord['createdAt'],
    roles?: UserInsertBaseRecord['roles'],
    dates?: UserInsertBaseRecord['dates'],
} => ({
    name: data.name,
    email: data.email,
    status: data.status,
    profile: data.profile,
    created_at: data.createdAt,
    roles: data.roles,
    dates: data.dates,
});

/**
 * Update transform for the "public.users" table.
 * Maps app cased properties to database fields.
 */
export const transformUserUpdateBaseRecord = (data: UserUpdateBaseRecord): {
    name: UserUpdateBaseRecord['name'],
    email?: UserUpdateBaseRecord['email'],
    status?: UserUpdateBaseRecord['status'],
    profile?: UserUpdateBaseRecord['profile'],
    created_at?: UserUpdateBaseRecord['createdAt'],
    roles?: UserUpdateBaseRecord['roles'],
    dates?: UserUpdateBaseRecord['dates'],
} => ({
    name: data.name,
    email: data.email,
    status: data.status,
    profile: data.profile,
    created_at: data.createdAt,
    roles: data.roles,
    dates: data.dates,
});

/**
 * Insert schema for the "public.users" table (after casing transform).
 */
export const UsersTableInsertSchema = z.pipe(UsersTableInsertBaseSchema, z.transform(transformUserInsertBaseRecord));

/**
 * Update schema for the "public.users" table (after casing transform).
 */
export const UsersTableUpdateSchema = z.pipe(z.partial(UsersTableInsertBaseSchema), z.transform(transformUserUpdateBaseRecord));

type TableInsertRecord = z.input<typeof UsersTableInsertSchema>;
type TableReadRecord = z.output<typeof UsersTableSchema>;

/**
 * Read record (casing transformed) for the "public.users" table.
 */
export interface UserRecord {
    /**
    */
    id: TableReadRecord['id'];
    /**
    */
    name: TableReadRecord['name'];
    /**
    */
    email?: TableReadRecord['email'];
    /**
    */
    status?: TableReadRecord['status'];
    /**
    */
    profile?: TableReadRecord['profile'];
    /**
    */
    createdAt?: TableReadRecord['createdAt'];
    /**
    */
    roles?: TableReadRecord['roles'];
    /**
    */
    dates?: TableReadRecord['dates'];
}

/**
 * Insert record (casing transformed) for the "public.users" table.
 */
export interface UserInsertRecord {
    /**
    * @maxLen: 100
    */
    name: TableInsertRecord['name'];
    /**
    * @maxLen: 255
    */
    email?: TableInsertRecord['email'];
    /**
    * @maxLen: 20
    * @default: 'active'::character varying
    */
    status?: TableInsertRecord['status'];
    /**
    */
    profile?: TableInsertRecord['profile'];
    /**
    * @default: now()
    */
    createdAt?: TableInsertRecord['createdAt'];
    /**
    */
    roles?: TableInsertRecord['roles'];
    /**
    */
    dates?: TableInsertRecord['dates'];
}

/**
 * Updatable record (casing transformed) for the "public.users" table.
 */
export type UserUpdateRecord = Partial<UserInsertRecord>;

export type UserRole = (typeof USER_ROLES)[number];
"
`;

exports[`generates schemas compatible with zod version 4 mini > types.ts 1`] = `
"// This file is auto-generated by zod-dbs. Do not edit this file directly.

export type Table = 
    | 'users'
"
`;
