// Vitest Snapshot v1, https://vitest.dev/guide/snapshot.html

exports[`outputs provider options 1`] = `
"Usage: zod-dbs [options]

Generates Zod schemas from database schema.

Options:
  -V, --version                         output the version number
  -h, --help                            display help for command

DynamoDB options:
  --region <value>                      AWS region for DynamoDB (default:
                                        "us-east-1")
  --endpoint <value>                    Override endpoint (e.g., for local
                                        DynamoDB)
  --sample-size <value>                 Number of items to sample per table when
                                        inferring schema (default: 50)
  -p,--provider <name>                  Database provider to use

Output options:
  -o,--output-dir <path>                Output directory for generated schemas
                                        (default: "./zod-schemas")
  --module-resolution <type>            Module resolution type for generated
                                        files (choices: "commonjs", "esm",
                                        default: "commonjs")
  --clean-output                        Clean output directory before generating
                                        schemas
  --exclude <regex>                     Exclude tables matching this regex
  --include <regex>                     Include only tables matching this regex
  --silent                              Suppress all console output
  --debug                               Enable debug logging (default: false)
  --json-schema-import-location <path>  Path to import JSON schemas
  --zod-version <value>                 Zod version to use (choices: "3", "4",
                                        "4-mini", default: "3")
  --no-case-transform                   Disable case transformations /
                                        conversions for generated schemas
  --no-singularization                  Disable singularization of type and enum
                                        names
  --no-coerce-dates                     Disable using z.coerce.date() for date
                                        fields in read schemas
  --no-stringify-json                   Disable JSON.stringify() on json fields
                                        in write schemas
  --stringify-dates                     Convert dates to ISO strings in write
                                        schemas
  --default-empty-array                 Provide empty arrays as defaults for
                                        nullable array fields
  --default-unknown                     Whether to use "unknown" instead of
                                        "any" for unresolved types
  --object-name-casing <type>           Casing for generated object/type names
                                        (choices: "PascalCase", "camelCase",
                                        "snake_case", default: "PascalCase")
  --field-name-casing <type>            Casing for field/property names in
                                        schemas & records (choices: "camelCase",
                                        "snake_case", "PascalCase",
                                        "passthrough", default: "camelCase")
"
`;
