// Vitest Snapshot v1, https://vitest.dev/guide/snapshot.html

exports[`CLI generates correct zod schemas with basic options > constants.ts 1`] = `
"// This file is auto-generated by zod-dbs. Do not edit this file directly.

export const TABLE_USERS = 'users';
"
`;

exports[`CLI generates correct zod schemas with basic options > tables/index.ts 1`] = `
"// This file is auto-generated by zod-dbs. Do not edit this file directly.

export * from './users/index.js';
"
`;

exports[`CLI generates correct zod schemas with basic options > tables/users/index.ts 1`] = `
"// This file is auto-generated by zod-dbs. Do not edit this file directly.

export * from './schema.js';
"
`;

exports[`CLI generates correct zod schemas with basic options > tables/users/schema.ts 1`] = `
"// This file is auto-generated by zod-dbs. Do not edit this file directly.

import { z } from 'zod';

export const USER_ROLES = ['admin', 'editor', 'viewer'] as const;

/**
 * Base read schema for the "test.users" table.
 * Validates raw rows read from the database (no casing transforms applied yet).
 */
export const UsersTableBaseSchema = z.object({
     /**
      * dataType: int
      */
    id: z.number(),
     /**
      * dataType: varchar
      */
    name: z.string(),
     /**
      * dataType: varchar
      */
    email: z.string().nullable().transform((value) => value ?? undefined).optional(),
     /**
      * dataType: varchar
      * defaultValue: active
      */
    status: z.string().nullable().transform((value) => value ?? undefined).optional(),
     /**
      * dataType: json
      */
    profile: z.any().nullable().transform((value) => value ?? undefined).optional(),
     /**
      * dataType: timestamp
      * defaultValue: CURRENT_TIMESTAMP
      */
    created_at: z.coerce.date().nullable().transform((value) => value ?? undefined).optional(),
     /**
      * dataType: enum
      * defaultValue: viewer
      */
    roles: z.enum(USER_ROLES).nullable().transform((value) => value ?? undefined).optional(),
});

/**
 * The base record type for the "test.users" table.
 * This type represents the raw database record without case transforms.
 */
export type UserBaseRecord = z.output<typeof UsersTableBaseSchema>;

/**
 * Read transform for the "test.users" table.
 * Maps database fields to app case properties.
 */
export const transformUserBaseRecord = (data: UserBaseRecord): {
    id: UserBaseRecord['id'],
    name: UserBaseRecord['name'],
    email?: UserBaseRecord['email'],
    status?: UserBaseRecord['status'],
    profile?: UserBaseRecord['profile'],
    createdAt?: UserBaseRecord['created_at'],
    roles?: UserBaseRecord['roles'],
} => ({
    id: data.id,
    name: data.name,
    email: data.email,
    status: data.status,
    profile: data.profile,
    createdAt: data.created_at,
    roles: data.roles,
});

/**
 * Read schema for the "test.users" table (after casing transform).
 */
export const UsersTableSchema = UsersTableBaseSchema.transform(transformUserBaseRecord);

/**
 * Base insert/write schema for the "test.users" table (no casing transforms).
 */
export const UsersTableInsertBaseSchema = z.object({
     /**
      * dataType: varchar
      */
    name: z.string().max(100),
     /**
      * dataType: varchar
      */
    email: z.string().max(255).nullable().optional(),
     /**
      * dataType: varchar
      * defaultValue: active
      */
    status: z.string().max(20).nullable().optional(),
     /**
      * dataType: json
      */
    profile: z.any().nullable().transform((value) => value ? JSON.stringify(value) : value).optional(),
     /**
      * dataType: timestamp
      * defaultValue: CURRENT_TIMESTAMP
      */
    createdAt: z.date().nullable().optional(),
     /**
      * dataType: enum
      * defaultValue: viewer
      */
    roles: z.enum(USER_ROLES).nullable().optional(),
});

/**
 * The base record type for the "test.users" table.
 * This type represents an insertable database record before casing transformations are applied.
 */
export type UserInsertBaseRecord = z.output<typeof UsersTableInsertBaseSchema>;

/**
 * The base record type for the "test.users" table.
 * This type represents an updatable database record before casing transformations are applied.
 */
export type UserUpdateBaseRecord = Partial<UserInsertBaseRecord>;

/**
 * Insert transform for the "test.users" table.
 * Maps app cased properties to database fields.
 */
export const transformUserInsertBaseRecord = (data: UserInsertBaseRecord): {
    name: UserInsertBaseRecord['name'],
    email?: UserInsertBaseRecord['email'],
    status?: UserInsertBaseRecord['status'],
    profile?: UserInsertBaseRecord['profile'],
    created_at?: UserInsertBaseRecord['createdAt'],
    roles?: UserInsertBaseRecord['roles'],
} => ({
    name: data.name,
    email: data.email,
    status: data.status,
    profile: data.profile,
    created_at: data.createdAt,
    roles: data.roles,
});

/**
 * Update transform for the "test.users" table.
 * Maps app cased properties to database fields.
 */
export const transformUserUpdateBaseRecord = (data: UserUpdateBaseRecord): {
    name: UserUpdateBaseRecord['name'],
    email?: UserUpdateBaseRecord['email'],
    status?: UserUpdateBaseRecord['status'],
    profile?: UserUpdateBaseRecord['profile'],
    created_at?: UserUpdateBaseRecord['createdAt'],
    roles?: UserUpdateBaseRecord['roles'],
} => ({
    name: data.name,
    email: data.email,
    status: data.status,
    profile: data.profile,
    created_at: data.createdAt,
    roles: data.roles,
});

/**
 * Insert schema for the "test.users" table (after casing transform).
 */
export const UsersTableInsertSchema = UsersTableInsertBaseSchema.transform(transformUserInsertBaseRecord);

/**
 * Update schema for the "test.users" table (after casing transform).
 */
export const UsersTableUpdateSchema = UsersTableInsertBaseSchema.partial().transform(transformUserUpdateBaseRecord);

type TableInsertRecord = z.input<typeof UsersTableInsertSchema>;
type TableReadRecord = z.output<typeof UsersTableSchema>;

/**
 * Read record (casing transformed) for the "test.users" table.
 */
export interface UserRecord {
    /**
    */
    id: TableReadRecord['id'];
    /**
    */
    name: TableReadRecord['name'];
    /**
    */
    email?: TableReadRecord['email'];
    /**
    */
    status?: TableReadRecord['status'];
    /**
    */
    profile?: TableReadRecord['profile'];
    /**
    */
    createdAt?: TableReadRecord['createdAt'];
    /**
    */
    roles?: TableReadRecord['roles'];
}

/**
 * Insert record (casing transformed) for the "test.users" table.
 */
export interface UserInsertRecord {
    /**
    * @maxLen: 100
    */
    name: TableInsertRecord['name'];
    /**
    * @maxLen: 255
    */
    email?: TableInsertRecord['email'];
    /**
    * @maxLen: 20
    * @default: active
    */
    status?: TableInsertRecord['status'];
    /**
    */
    profile?: TableInsertRecord['profile'];
    /**
    * @default: CURRENT_TIMESTAMP
    */
    createdAt?: TableInsertRecord['createdAt'];
    /**
    * @maxLen: 6
    * @default: viewer
    */
    roles?: TableInsertRecord['roles'];
}

/**
 * Updatable record (casing transformed) for the "test.users" table.
 */
export type UserUpdateRecord = Partial<UserInsertRecord>;

export type UserRole = (typeof USER_ROLES)[number];
"
`;

exports[`CLI generates correct zod schemas with basic options > types.ts 1`] = `
"// This file is auto-generated by zod-dbs. Do not edit this file directly.

export type Table = 
    | 'users'
"
`;
