// Vitest Snapshot v1, https://vitest.dev/guide/snapshot.html

exports[`outputs provider help 1`] = `
"
zod-dbs CLI v1.0.21

Usage: zod-dbs [options]

Generates Zod schemas from database schema.

Options:
  -V, --version                         output the version number
  -p,--provider <name>                  Database provider to use
  -h, --help                            display help for command

MySQL options:
  --connection-string <value>           Full database connection string
                                        (overrides other connection options)
  --host <value>                        Database host
  --port <value>                        Database server port
  --user <value>                        Database user
  --password <value>                    Database password
  --database <value>                    Database name to connect to
  --schema-name <value>                 Database schema name (usually same as
                                        database name, optional)

Output options:
  --config-name <name>                  Name of configuration file
  -o,--output-dir <path>                Output directory for generated schemas
  --module-resolution <type>            Module resolution type for generated
                                        files (choices: "commonjs", "esm")
  --clean-output                        Clean output directory before generating
                                        schemas
  --exclude <regex>                     Exclude tables matching this regex
  --include <regex>                     Include only tables matching this regex
  --silent                              Suppress all console output
  --debug                               Enable debug logging
  --json-schema-import-location <path>  Path to import JSON schemas
  --zod-version <value>                 Zod version to use (choices: "3", "4",
                                        "4-mini")
  --no-case-transform                   Disable case transformations /
                                        conversions for generated schemas
  --no-singularization                  Disable singularization of type and enum
                                        names
  --no-coerce-dates                     Disable using z.coerce.date() for date
                                        fields in read schemas
  --no-stringify-json                   Disable JSON.stringify() on json fields
                                        in write schemas
  --stringify-dates                     Convert dates to ISO strings in write
                                        schemas
  --default-empty-array                 Provide empty arrays as defaults for
                                        nullable array fields
  --default-unknown                     Whether to use "unknown" instead of
                                        "any" for unresolved types
  --no-default-nulls-to-undefined       Disable transforming null values to
                                        undefined in generated read schemas
  --object-name-casing <type>           Casing for generated object/type names
                                        (choices: "PascalCase", "camelCase",
                                        "snake_case")
  --field-name-casing <type>            Casing for field/property names in
                                        schemas & records (choices: "camelCase",
                                        "snake_case", "PascalCase",
                                        "passthrough")
"
`;
