// Vitest Snapshot v1, https://vitest.dev/guide/snapshot.html

exports[`SnowflakeProvider (integration) > fetches schema info for provided database/schema 1`] = `
{
  "tables": [
    {
      "columns": [
        {
          "dataType": "NUMBER",
          "defaultValue": undefined,
          "description": undefined,
          "isArray": false,
          "isEnum": false,
          "isNullable": true,
          "isReadOptional": true,
          "isSerial": false,
          "isWritable": true,
          "isWriteOptional": true,
          "maxLen": undefined,
          "name": "MENU_ID",
          "schemaName": "MSOLVAAG_LOAD_SAMPLE_DATA_FROM_S3",
          "tableName": "MENU",
          "tableType": "table",
          "type": "number",
        },
        {
          "dataType": "NUMBER",
          "defaultValue": undefined,
          "description": undefined,
          "isArray": false,
          "isEnum": false,
          "isNullable": true,
          "isReadOptional": true,
          "isSerial": false,
          "isWritable": true,
          "isWriteOptional": true,
          "maxLen": undefined,
          "name": "MENU_TYPE_ID",
          "schemaName": "MSOLVAAG_LOAD_SAMPLE_DATA_FROM_S3",
          "tableName": "MENU",
          "tableType": "table",
          "type": "number",
        },
        {
          "dataType": "TEXT",
          "defaultValue": undefined,
          "description": undefined,
          "isArray": false,
          "isEnum": false,
          "isNullable": true,
          "isReadOptional": true,
          "isSerial": false,
          "isWritable": true,
          "isWriteOptional": true,
          "maxLen": 16777216,
          "name": "MENU_TYPE",
          "schemaName": "MSOLVAAG_LOAD_SAMPLE_DATA_FROM_S3",
          "tableName": "MENU",
          "tableType": "table",
          "type": "string",
        },
        {
          "dataType": "TEXT",
          "defaultValue": undefined,
          "description": undefined,
          "isArray": false,
          "isEnum": false,
          "isNullable": true,
          "isReadOptional": true,
          "isSerial": false,
          "isWritable": true,
          "isWriteOptional": true,
          "maxLen": 16777216,
          "name": "TRUCK_BRAND_NAME",
          "schemaName": "MSOLVAAG_LOAD_SAMPLE_DATA_FROM_S3",
          "tableName": "MENU",
          "tableType": "table",
          "type": "string",
        },
        {
          "dataType": "NUMBER",
          "defaultValue": undefined,
          "description": undefined,
          "isArray": false,
          "isEnum": false,
          "isNullable": true,
          "isReadOptional": true,
          "isSerial": false,
          "isWritable": true,
          "isWriteOptional": true,
          "maxLen": undefined,
          "name": "MENU_ITEM_ID",
          "schemaName": "MSOLVAAG_LOAD_SAMPLE_DATA_FROM_S3",
          "tableName": "MENU",
          "tableType": "table",
          "type": "number",
        },
        {
          "dataType": "TEXT",
          "defaultValue": undefined,
          "description": undefined,
          "isArray": false,
          "isEnum": false,
          "isNullable": true,
          "isReadOptional": true,
          "isSerial": false,
          "isWritable": true,
          "isWriteOptional": true,
          "maxLen": 16777216,
          "name": "MENU_ITEM_NAME",
          "schemaName": "MSOLVAAG_LOAD_SAMPLE_DATA_FROM_S3",
          "tableName": "MENU",
          "tableType": "table",
          "type": "string",
        },
        {
          "dataType": "TEXT",
          "defaultValue": undefined,
          "description": undefined,
          "isArray": false,
          "isEnum": false,
          "isNullable": true,
          "isReadOptional": true,
          "isSerial": false,
          "isWritable": true,
          "isWriteOptional": true,
          "maxLen": 16777216,
          "name": "ITEM_CATEGORY",
          "schemaName": "MSOLVAAG_LOAD_SAMPLE_DATA_FROM_S3",
          "tableName": "MENU",
          "tableType": "table",
          "type": "string",
        },
        {
          "dataType": "TEXT",
          "defaultValue": undefined,
          "description": undefined,
          "isArray": false,
          "isEnum": false,
          "isNullable": true,
          "isReadOptional": true,
          "isSerial": false,
          "isWritable": true,
          "isWriteOptional": true,
          "maxLen": 16777216,
          "name": "ITEM_SUBCATEGORY",
          "schemaName": "MSOLVAAG_LOAD_SAMPLE_DATA_FROM_S3",
          "tableName": "MENU",
          "tableType": "table",
          "type": "string",
        },
        {
          "dataType": "NUMBER",
          "defaultValue": undefined,
          "description": undefined,
          "isArray": false,
          "isEnum": false,
          "isNullable": true,
          "isReadOptional": true,
          "isSerial": false,
          "isWritable": true,
          "isWriteOptional": true,
          "maxLen": undefined,
          "name": "COST_OF_GOODS_USD",
          "schemaName": "MSOLVAAG_LOAD_SAMPLE_DATA_FROM_S3",
          "tableName": "MENU",
          "tableType": "table",
          "type": "number",
        },
        {
          "dataType": "NUMBER",
          "defaultValue": undefined,
          "description": undefined,
          "isArray": false,
          "isEnum": false,
          "isNullable": true,
          "isReadOptional": true,
          "isSerial": false,
          "isWritable": true,
          "isWriteOptional": true,
          "maxLen": undefined,
          "name": "SALE_PRICE_USD",
          "schemaName": "MSOLVAAG_LOAD_SAMPLE_DATA_FROM_S3",
          "tableName": "MENU",
          "tableType": "table",
          "type": "number",
        },
        {
          "dataType": "VARIANT",
          "defaultValue": undefined,
          "description": "Test description",
          "isArray": false,
          "isEnum": false,
          "isNullable": true,
          "isReadOptional": true,
          "isSerial": false,
          "isWritable": true,
          "isWriteOptional": true,
          "maxLen": undefined,
          "name": "MENU_ITEM_HEALTH_METRICS_OBJ",
          "schemaName": "MSOLVAAG_LOAD_SAMPLE_DATA_FROM_S3",
          "tableName": "MENU",
          "tableType": "table",
          "type": "json",
        },
      ],
      "name": "MENU",
      "schemaName": "MSOLVAAG_LOAD_SAMPLE_DATA_FROM_S3",
      "type": "table",
    },
  ],
}
`;
